Loading WEBUI_SECRET_KEY from file, not provided as an environment variable.
Generating a new secret key and saving it to /home/coozila/data/dev/apps/coozila-studio/apps/open-webui/.webui_secret_key
Loading WEBUI_SECRET_KEY from /home/coozila/data/dev/apps/coozila-studio/apps/open-webui/.webui_secret_key
INFO  [alembic.runtime.migration] Context impl SQLiteImpl.
INFO  [alembic.runtime.migration] Will assume non-transactional DDL.
INFO  [alembic.runtime.migration] Running upgrade  -> 7e5b5dc7342b, init
INFO  [alembic.runtime.migration] Running upgrade 7e5b5dc7342b -> ca81bd47c050, Add config table
INFO  [alembic.runtime.migration] Running upgrade ca81bd47c050 -> c0fbf31ca0db, Update file table
INFO  [alembic.runtime.migration] Running upgrade c0fbf31ca0db -> 6a39f3d8e55c, Add knowledge table
INFO  [alembic.runtime.migration] Running upgrade 6a39f3d8e55c -> 242a2047eae0, Update chat table
INFO  [alembic.runtime.migration] Running upgrade 242a2047eae0 -> 1af9b942657b, Migrate tags
INFO  [alembic.runtime.migration] Running upgrade 1af9b942657b -> 3ab32c4b8f59, Update tags
INFO  [alembic.runtime.migration] Running upgrade 3ab32c4b8f59 -> c69f45358db4, Add folder table
INFO  [alembic.runtime.migration] Running upgrade c69f45358db4 -> c29facfe716b, Update file table path
INFO  [alembic.runtime.migration] Running upgrade c29facfe716b -> af906e964978, Add feedback table
INFO  [alembic.runtime.migration] Running upgrade af906e964978 -> 4ace53fd72c8, Update folder table and change DateTime to BigInteger for timestamp fields
INFO  [alembic.runtime.migration] Running upgrade 4ace53fd72c8 -> 922e7a387820, Add group table
INFO  [alembic.runtime.migration] Running upgrade 922e7a387820 -> 57c599a3cb57, Add channel table
INFO  [alembic.runtime.migration] Running upgrade 57c599a3cb57 -> 7826ab40b532, Update file table
INFO  [alembic.runtime.migration] Running upgrade 7826ab40b532 -> 3781e22d8b01, Update message & channel tables
INFO  [alembic.runtime.migration] Running upgrade 3781e22d8b01 -> 9f0c9cd09105, Add note table
INFO  [alembic.runtime.migration] Running upgrade 9f0c9cd09105 -> d31026856c01, Update folder table data
INFO  [alembic.runtime.migration] Running upgrade d31026856c01 -> 018012973d35, Add indexes
INFO  [alembic.runtime.migration] Running upgrade 018012973d35 -> 3af16a1c9fb6, update user table
INFO  [alembic.runtime.migration] Running upgrade 3af16a1c9fb6 -> 38d63c18f30f, Add oauth_session table
INFO  [alembic.runtime.migration] Running upgrade 38d63c18f30f -> a5c220713937, Add reply_to_id column to message
INFO  [alembic.runtime.migration] Running upgrade a5c220713937 -> 37f288994c47, add_group_member_table
INFO  [alembic.runtime.migration] Running upgrade 37f288994c47 -> 2f1211949ecc, Update messages and channel member table
INFO  [alembic.runtime.migration] Running upgrade 2f1211949ecc -> b10670c03dd5, Update user table
INFO  [alembic.runtime.migration] Running upgrade b10670c03dd5 -> 90ef40d4714e, Update channel and channel members table
INFO  [alembic.runtime.migration] Running upgrade 90ef40d4714e -> 3e0e00844bb0, Add knowledge_file table
INFO  [alembic.runtime.migration] Running upgrade 3e0e00844bb0 -> 6283dc0e4d8d, Add channel file table
INFO  [alembic.runtime.migration] Running upgrade 6283dc0e4d8d -> 81cc2ce44d79, Update channel file and knowledge table
INFO  [alembic.runtime.migration] Running upgrade 81cc2ce44d79 -> c440947495f3, Add chat_file table
INFO  [alembic.runtime.migration] Running upgrade c440947495f3 -> 374d2f66af06, Add prompt history table
INFO  [alembic.runtime.migration] Running upgrade 374d2f66af06 -> 8452d01d26d7, Add chat_message table
INFO  [alembic.runtime.migration] Running upgrade 8452d01d26d7 -> f1e2d3c4b5a6, Add access_grant table
INFO  [alembic.runtime.migration] Running upgrade f1e2d3c4b5a6 -> a1b2c3d4e5f6, Add skill table
INFO  [alembic.runtime.migration] Running upgrade a1b2c3d4e5f6 -> b2c3d4e5f6a7, add scim column to user table
WARNI [open_webui.env] 

WARNING: CORS_ALLOW_ORIGIN IS SET TO '*' - NOT RECOMMENDED FOR PRODUCTION DEPLOYMENTS.

WARNI [langchain_community.utils.user_agent] USER_AGENT environment variable not set, consider setting it to identify your requests.
Creating knowledge table
Migrating data from document table to knowledge table
Converting 'chat' column to JSON
Renaming 'chat' column to 'old_chat'
Adding new 'chat' column of type JSON
Dropping 'old_chat' column
Primary Key: {'name': None, 'constrained_columns': []}
Unique Constraints: [{'name': 'uq_id_user_id', 'column_names': ['id', 'user_id']}]
Indexes: [{'name': 'tag_id', 'column_names': ['id'], 'unique': 1, 'dialect_options': {}}]
Creating new primary key with 'id' and 'user_id'.
Dropping unique constraint: uq_id_user_id
Dropping unique index: tag_id
[]

 ██████╗ ██████╗ ███████╗███╗   ██╗    ██╗    ██╗███████╗██████╗ ██╗   ██╗██╗
██╔═══██╗██╔══██╗██╔════╝████╗  ██║    ██║    ██║██╔════╝██╔══██╗██║   ██║██║
██║   ██║██████╔╝█████╗  ██╔██╗ ██║    ██║ █╗ ██║█████╗  ██████╔╝██║   ██║██║
██║   ██║██╔═══╝ ██╔══╝  ██║╚██╗██║    ██║███╗██║██╔══╝  ██╔══██╗██║   ██║██║
╚██████╔╝██║     ███████╗██║ ╚████║    ╚███╔███╔╝███████╗██████╔╝╚██████╔╝██║
 ╚═════╝ ╚═╝     ╚══════╝╚═╝  ╚═══╝     ╚══╝╚══╝ ╚══════╝╚═════╝  ╚═════╝ ╚═╝


v0.8.12 - building the best AI user interface.

https://github.com/open-webui/open-webui

Fetching 30 files:   0%|          | 0/30 [00:00<?, ?it/s]Fetching 30 files: 100%|██████████| 30/30 [00:00<00:00, 107822.72it/s]
Loading weights:   0%|          | 0/103 [00:00<?, ?it/s]Loading weights: 100%|██████████| 103/103 [00:00<00:00, 7708.47it/s]
[1mBertModel LOAD REPORT[0m from: /home/coozila/.cache/huggingface/hub/models--sentence-transformers--all-MiniLM-L6-v2/snapshots/c9745ed1d9f207416be6d2e6f8de32d1f16199bf
Key                     | Status     |  | 
------------------------+------------+--+-
embeddings.position_ids | UNEXPECTED |  | 

[3mNotes:
- UNEXPECTED[3m	:can be ignored when loading from different task/architecture; not ok if you expect identical arch.[0m
WARNI [open_webui.main] Frontend build directory not found at '/home/coozila/data/dev/apps/coozila-studio/apps/open-webui/backend/open_webui/frontend'. Serving API only.
INFO:     Started server process [4009367]
INFO:     Waiting for application startup.
2026-04-03 18:13:05.443 | INFO     | open_webui.utils.logger:start_logger:192 - GLOBAL_LOG_LEVEL: INFO
2026-04-03 18:13:05.443 | INFO     | open_webui.main:lifespan:631 - Installing external dependencies of functions and tools...
2026-04-03 18:13:05.456 | INFO     | open_webui.utils.plugin:install_frontmatter_requirements:404 - No requirements found in frontmatter.
